// Jest Snapshot v1, https://goo.gl/fbAQLP

exports[`Handler deletes a scheduleset according to its id 1`] = `undefined`;

exports[`Handler forwards the error if one gets thrown during the deletion 1`] = `undefined`;
