// Jest Snapshot v1, https://goo.gl/fbAQLP

exports[`Handler creates the right amount of schedules according to the payload 1`] = `undefined`;
